package javax.microedition.lcdui;

@FlagDomain
interface GraphicsAnchor {}

@ValueDomain
interface GraphicsStrokeStyle {}

@NumericDomain(format = "rgb")
interface RgbColor {}

@NumericDomain(format = "argb")
interface ArgbColor {}

@External
class Graphics {
    void setColor(@Domain(RgbColor.class) int rgb);
    @Domain(RgbColor.class) int getColor();
    void drawRGB(@Domain(ArgbColor.class) int[] data, int offset, int scanLength,
                 int x, int y, int width, int height, boolean processAlpha);
    @DomainValue(GraphicsAnchor.class) static final int HCENTER;
    @DomainValue(GraphicsAnchor.class) static final int VCENTER;
    @DomainValue(GraphicsAnchor.class) static final int LEFT;
    @DomainValue(GraphicsAnchor.class) static final int RIGHT;
    @DomainValue(GraphicsAnchor.class) static final int TOP;
    @DomainValue(GraphicsAnchor.class) static final int BOTTOM;
    @DomainValue(GraphicsAnchor.class) static final int BASELINE;

    @DomainValue(GraphicsStrokeStyle.class) static final int SOLID;
    @DomainValue(GraphicsStrokeStyle.class) static final int DOTTED;

    void setStrokeStyle(@Domain(GraphicsStrokeStyle.class) int style);
    @Domain(GraphicsStrokeStyle.class) int getStrokeStyle();

    void drawString(String text, int x, int y, @Flags(GraphicsAnchor.class) int anchor);
    void drawSubstring(String text, int offset, int length, int x, int y,
                       @Flags(GraphicsAnchor.class) int anchor);
    void drawChar(char character, int x, int y, @Flags(GraphicsAnchor.class) int anchor);
    void drawChars(char[] data, int offset, int length, int x, int y,
                   @Flags(GraphicsAnchor.class) int anchor);
    void drawImage(Image image, int x, int y, @Flags(GraphicsAnchor.class) int anchor);
    void copyArea(int xSource, int ySource, int width, int height, int xDest, int yDest,
                  @Flags(GraphicsAnchor.class) int anchor);
}
